--------------------------------------------------------------------------------------
Timing Analyzer Summary
--------------------------------------------------------------------------------------

Type           : Worst-case tsu
Slack          : N/A
Required Time  : None
Actual Time    : 5.615 ns
From           : SongSelect0
To             : g00_audio_interface:inst4|LRDATA[49]
From Clock     : --
To Clock       : clk
Failed Paths   : 0

Type           : Worst-case tco
Slack          : N/A
Required Time  : None
Actual Time    : 10.330 ns
From           : g00_audio_interface:inst4|AUD_DACDAT
To             : DACDAT
From Clock     : clk
To Clock       : --
Failed Paths   : 0

Type           : Worst-case th
Slack          : N/A
Required Time  : None
Actual Time    : -1.131 ns
From           : SongSelect0
To             : g00_audio_interface:inst4|LRDATA[49]
From Clock     : --
To Clock       : clk
Failed Paths   : 0

Type           : Clock Setup: 'clk'
Slack          : N/A
Required Time  : None
Actual Time    : 128.97 MHz ( period = 7.754 ns )
From           : FSM_Indiana_Jones:inst|state[0]
To             : g00_audio_interface:inst4|LRDATA[49]
From Clock     : clk
To Clock       : clk
Failed Paths   : 0

Type           : Total number of failed paths
Slack          : 
Required Time  : 
Actual Time    : 
From           : 
To             : 
From Clock     : 
To Clock       : 
Failed Paths   : 0

--------------------------------------------------------------------------------------

